C:/Users/fanta/OneDrive/Documents/GitHub/stm32h5-classic-coremw-apps/Projects/NUCLEO-H563ZI/Applications/LwIP/LwIP_UDP_Echo_Client/LWIP/Target/ethernetif.c:119:13:low_level_init	24	static
C:/Users/fanta/OneDrive/Documents/GitHub/stm32h5-classic-coremw-apps/Projects/NUCLEO-H563ZI/Applications/LwIP/LwIP_UDP_Echo_Client/LWIP/Target/ethernetif.c:189:14:low_level_output	80	static
C:/Users/fanta/OneDrive/Documents/GitHub/stm32h5-classic-coremw-apps/Projects/NUCLEO-H563ZI/Applications/LwIP/LwIP_UDP_Echo_Client/LWIP/Target/ethernetif.c:244:22:low_level_input	24	static
C:/Users/fanta/OneDrive/Documents/GitHub/stm32h5-classic-coremw-apps/Projects/NUCLEO-H563ZI/Applications/LwIP/LwIP_UDP_Echo_Client/LWIP/Target/ethernetif.c:265:6:ethernetif_input	24	static
C:/Users/fanta/OneDrive/Documents/GitHub/stm32h5-classic-coremw-apps/Projects/NUCLEO-H563ZI/Applications/LwIP/LwIP_UDP_Echo_Client/LWIP/Target/ethernetif.c:296:7:ethernetif_init	16	static
C:/Users/fanta/OneDrive/Documents/GitHub/stm32h5-classic-coremw-apps/Projects/NUCLEO-H563ZI/Applications/LwIP/LwIP_UDP_Echo_Client/LWIP/Target/ethernetif.c:325:6:pbuf_free_custom	24	static
C:/Users/fanta/OneDrive/Documents/GitHub/stm32h5-classic-coremw-apps/Projects/NUCLEO-H563ZI/Applications/LwIP/LwIP_UDP_Echo_Client/LWIP/Target/ethernetif.c:343:7:sys_now	8	static
C:/Users/fanta/OneDrive/Documents/GitHub/stm32h5-classic-coremw-apps/Projects/NUCLEO-H563ZI/Applications/LwIP/LwIP_UDP_Echo_Client/LWIP/Target/ethernetif.c:355:6:HAL_ETH_MspInit	64	static
C:/Users/fanta/OneDrive/Documents/GitHub/stm32h5-classic-coremw-apps/Projects/NUCLEO-H563ZI/Applications/LwIP/LwIP_UDP_Echo_Client/LWIP/Target/ethernetif.c:428:9:ETH_PHY_IO_Init	8	static
C:/Users/fanta/OneDrive/Documents/GitHub/stm32h5-classic-coremw-apps/Projects/NUCLEO-H563ZI/Applications/LwIP/LwIP_UDP_Echo_Client/LWIP/Target/ethernetif.c:445:9:ETH_PHY_IO_DeInit	4	static
C:/Users/fanta/OneDrive/Documents/GitHub/stm32h5-classic-coremw-apps/Projects/NUCLEO-H563ZI/Applications/LwIP/LwIP_UDP_Echo_Client/LWIP/Target/ethernetif.c:457:9:ETH_PHY_IO_ReadReg	24	static
C:/Users/fanta/OneDrive/Documents/GitHub/stm32h5-classic-coremw-apps/Projects/NUCLEO-H563ZI/Applications/LwIP/LwIP_UDP_Echo_Client/LWIP/Target/ethernetif.c:474:9:ETH_PHY_IO_WriteReg	24	static
C:/Users/fanta/OneDrive/Documents/GitHub/stm32h5-classic-coremw-apps/Projects/NUCLEO-H563ZI/Applications/LwIP/LwIP_UDP_Echo_Client/LWIP/Target/ethernetif.c:488:9:ETH_PHY_IO_GetTick	8	static
C:/Users/fanta/OneDrive/Documents/GitHub/stm32h5-classic-coremw-apps/Projects/NUCLEO-H563ZI/Applications/LwIP/LwIP_UDP_Echo_Client/LWIP/Target/ethernetif.c:497:6:ethernet_link_check_state	136	static
C:/Users/fanta/OneDrive/Documents/GitHub/stm32h5-classic-coremw-apps/Projects/NUCLEO-H563ZI/Applications/LwIP/LwIP_UDP_Echo_Client/LWIP/Target/ethernetif.c:553:6:HAL_ETH_RxAllocateCallback	32	static
C:/Users/fanta/OneDrive/Documents/GitHub/stm32h5-classic-coremw-apps/Projects/NUCLEO-H563ZI/Applications/LwIP/LwIP_UDP_Echo_Client/LWIP/Target/ethernetif.c:573:6:HAL_ETH_RxLinkCallback	40	static
C:/Users/fanta/OneDrive/Documents/GitHub/stm32h5-classic-coremw-apps/Projects/NUCLEO-H563ZI/Applications/LwIP/LwIP_UDP_Echo_Client/LWIP/Target/ethernetif.c:606:6:HAL_ETH_TxFreeCallback	16	static
