../lwip/target/ethernetif.c:133:13:low_level_init	24	static
../lwip/target/ethernetif.c:212:14:low_level_output	80	static
../lwip/target/ethernetif.c:267:22:low_level_input	24	static
../lwip/target/ethernetif.c:288:6:ethernetif_input	24	static
../lwip/target/ethernetif.c:319:7:ethernetif_init	16	static
../lwip/target/ethernetif.c:348:6:pbuf_free_custom	24	static
../lwip/target/ethernetif.c:366:7:sys_now	8	static
../lwip/target/ethernetif.c:451:9:ETH_PHY_IO_Init	8	static
../lwip/target/ethernetif.c:468:9:ETH_PHY_IO_DeInit	4	static
../lwip/target/ethernetif.c:480:9:ETH_PHY_IO_ReadReg	24	static
../lwip/target/ethernetif.c:497:9:ETH_PHY_IO_WriteReg	24	static
../lwip/target/ethernetif.c:511:9:ETH_PHY_IO_GetTick	8	static
../lwip/target/ethernetif.c:520:6:ethernet_link_check_state	136	static
../lwip/target/ethernetif.c:576:6:HAL_ETH_RxAllocateCallback	32	static
../lwip/target/ethernetif.c:596:6:HAL_ETH_RxLinkCallback	40	static
../lwip/target/ethernetif.c:629:6:HAL_ETH_TxFreeCallback	16	static
