C:/Users/fanta/OneDrive/Documents/GitHub/stm32h5-classic-coremw-apps/Projects/NUCLEO-H563ZI/Applications/LwIP/LwIP_UDP_Echo_Client/Core/Src/main.c:80:5:main	16	static
C:/Users/fanta/OneDrive/Documents/GitHub/stm32h5-classic-coremw-apps/Projects/NUCLEO-H563ZI/Applications/LwIP/LwIP_UDP_Echo_Client/Core/Src/main.c:148:6:Custom_UDP_Init	16	static
C:/Users/fanta/OneDrive/Documents/GitHub/stm32h5-classic-coremw-apps/Projects/NUCLEO-H563ZI/Applications/LwIP/LwIP_UDP_Echo_Client/Core/Src/main.c:177:6:Custom_UDP_Send	16	static
C:/Users/fanta/OneDrive/Documents/GitHub/stm32h5-classic-coremw-apps/Projects/NUCLEO-H563ZI/Applications/LwIP/LwIP_UDP_Echo_Client/Core/Src/main.c:204:6:udp_receive_callback	40	static
C:/Users/fanta/OneDrive/Documents/GitHub/stm32h5-classic-coremw-apps/Projects/NUCLEO-H563ZI/Applications/LwIP/LwIP_UDP_Echo_Client/Core/Src/main.c:232:13:BSP_Config	8	static
C:/Users/fanta/OneDrive/Documents/GitHub/stm32h5-classic-coremw-apps/Projects/NUCLEO-H563ZI/Applications/LwIP/LwIP_UDP_Echo_Client/Core/Src/main.c:246:13:Netif_Config	40	static
C:/Users/fanta/OneDrive/Documents/GitHub/stm32h5-classic-coremw-apps/Projects/NUCLEO-H563ZI/Applications/LwIP/LwIP_UDP_Echo_Client/Core/Src/main.c:283:6:BSP_PB_Callback	16	static
C:/Users/fanta/OneDrive/Documents/GitHub/stm32h5-classic-coremw-apps/Projects/NUCLEO-H563ZI/Applications/LwIP/LwIP_UDP_Echo_Client/Core/Src/main.c:292:13:USART3_UART_Init	8	static
C:/Users/fanta/OneDrive/Documents/GitHub/stm32h5-classic-coremw-apps/Projects/NUCLEO-H563ZI/Applications/LwIP/LwIP_UDP_Echo_Client/Core/Src/main.c:328:13:SystemClock_Config	120	static
C:/Users/fanta/OneDrive/Documents/GitHub/stm32h5-classic-coremw-apps/Projects/NUCLEO-H563ZI/Applications/LwIP/LwIP_UDP_Echo_Client/Core/Src/main.c:370:13:CACHE_Enable	8	static
C:/Users/fanta/OneDrive/Documents/GitHub/stm32h5-classic-coremw-apps/Projects/NUCLEO-H563ZI/Applications/LwIP/LwIP_UDP_Echo_Client/Core/Src/main.c:393:1:__io_putchar	16	static
C:/Users/fanta/OneDrive/Documents/GitHub/stm32h5-classic-coremw-apps/Projects/NUCLEO-H563ZI/Applications/LwIP/LwIP_UDP_Echo_Client/Core/Src/main.c:403:6:Error_Handler	8	static
