C:/Users/yewke/STM32CubeIDE/RoverWorkspace/RoveOS/Core/Src/main.c:77:5:main	8	static
C:/Users/yewke/STM32CubeIDE/RoverWorkspace/RoveOS/Core/Src/main.c:127:6:SystemClock_Config	120	static
C:/Users/yewke/STM32CubeIDE/RoverWorkspace/RoveOS/Core/Src/main.c:187:13:MX_ETH_Init	8	static
C:/Users/yewke/STM32CubeIDE/RoverWorkspace/RoveOS/Core/Src/main.c:236:13:MX_ICACHE_Init	8	static
C:/Users/yewke/STM32CubeIDE/RoverWorkspace/RoveOS/Core/Src/main.c:268:13:MX_TIM1_Init	40	static
C:/Users/yewke/STM32CubeIDE/RoverWorkspace/RoveOS/Core/Src/main.c:315:13:MX_GPIO_Init	24	static
C:/Users/yewke/STM32CubeIDE/RoverWorkspace/RoveOS/Core/Src/main.c:338:6:MPU_Config	32	static
C:/Users/yewke/STM32CubeIDE/RoverWorkspace/RoveOS/Core/Src/main.c:374:6:Error_Handler	4	static,ignoring_inline_asm
